
User@hp-labby16 MINGW64 /
$ cd f

User@hp-labby16 MINGW64 /f
$ cd git

User@hp-labby16 MINGW64 /f/git
$ ls
shoppingapp/

User@hp-labby16 MINGW64 /f/git
$ git config --global user.name "atindra21"

User@hp-labby16 MINGW64 /f/git
$ git config --global user.email atindrasinha58@gmail.com

User@hp-labby16 MINGW64 /f/git
$ git clone https://github.com/atindra21/RepoGit.git
Cloning into 'RepoGit'...
remote: Counting objects: 3, done.
remote: Total 3 (delta 0), reused 0 (delta 0), pack-reused 0
Unpacking objects: 100% (3/3), done.

User@hp-labby16 MINGW64 /f/git
$ ls
RepoGit/  shoppingapp/

User@hp-labby16 MINGW64 /f/git
$ cd testgit
bash: cd: testgit: No such file or directory

User@hp-labby16 MINGW64 /f/git
$ cd repogit

User@hp-labby16 MINGW64 /f/git/repogit (master)
$ ls
README.md

User@hp-labby16 MINGW64 /f/git/repogit (master)
$ ls
README.md  ShoppingApp/

User@hp-labby16 MINGW64 /f/git/repogit (master)
$ cd ..

User@hp-labby16 MINGW64 /f/git
$ ls
RepoGit/  shoppingapp/

User@hp-labby16 MINGW64 /f/git
$ cd RepoGit

User@hp-labby16 MINGW64 /f/git/RepoGit (master)
$ ls
README.md  ShoppingApp/

User@hp-labby16 MINGW64 /f/git/RepoGit (master)
$ git add ShoppingApp
warning: LF will be replaced by CRLF in ShoppingApp/.eslintrc.json.
The file will have its original line endings in your working directory.
warning: LF will be replaced by CRLF in ShoppingApp/items.html.
The file will have its original line endings in your working directory.
warning: LF will be replaced by CRLF in ShoppingApp/items_files/angular.min.js.download.
The file will have its original line endings in your working directory.
warning: LF will be replaced by CRLF in ShoppingApp/items_files/animate.min.css.
The file will have its original line endings in your working directory.
warning: LF will be replaced by CRLF in ShoppingApp/items_files/bootstrap-hover-dropdown.min.js.download.
The file will have its original line endings in your working directory.
warning: LF will be replaced by CRLF in ShoppingApp/items_files/bootstrap.min.css.
The file will have its original line endings in your working directory.
warning: LF will be replaced by CRLF in ShoppingApp/items_files/bootstrap.min.js.download.
The file will have its original line endings in your working directory.
warning: LF will be replaced by CRLF in ShoppingApp/items_files/jquery.min.js.download.
The file will have its original line endings in your working directory.

User@hp-labby16 MINGW64 /f/git/RepoGit (master)
$ ls
demo.html  README.md  ShoppingApp/

User@hp-labby16 MINGW64 /f/git/RepoGit (master)
$ git add demo.html

User@hp-labby16 MINGW64 /f/git/RepoGit (master)
$ git add demo.html

User@hp-labby16 MINGW64 /f/git/RepoGit (master)
$ git commit -m "first Demo commit" demo.html
[master 68dca3d] first Demo commit
 1 file changed, 21 insertions(+)
 create mode 100644 demo.html

User@hp-labby16 MINGW64 /f/git/RepoGit (master)
$ git push -u origin master
Counting objects: 3, done.
Delta compression using up to 4 threads.
Compressing objects: 100% (3/3), done.
Writing objects: 100% (3/3), 680 bytes | 680.00 KiB/s, done.
Total 3 (delta 0), reused 0 (delta 0)
To https://github.com/atindra21/RepoGit.git
   0006b68..68dca3d  master -> master
Branch 'master' set up to track remote branch 'master' from 'origin'.

User@hp-labby16 MINGW64 /f/git/RepoGit (master)
User@hp-labby16 MINGW64 /f/git/RepoGit (master)
$ git add gitcmds.txt

User@hp-labby16 MINGW64 /f/git/RepoGit (master)
$ git commit -m "first cmds commit" gitcmds.txt
[master e9d0834] first cmds commit
 1 file changed, 105 insertions(+)
 create mode 100644 gitcmds.txt

User@hp-labby16 MINGW64 /f/git/RepoGit (master)
$ git push -u origin master
Counting objects: 3, done.
Delta compression using up to 4 threads.
Compressing objects: 100% (3/3), done.
Writing objects: 100% (3/3), 1.02 KiB | 1.02 MiB/s, done.
Total 3 (delta 0), reused 0 (delta 0)
To https://github.com/atindra21/RepoGit.git
   68dca3d..e9d0834  master -> master
Branch 'master' set up to track remote branch 'master' from 'origin'.

User@hp-labby16 MINGW64 /f/git/RepoGit (master)
$
Here I am in office I commit this file in git and checking whether it works or not
 
This is my second commit